     0,                  Time [s],                            Time [s]
     1,            delta GENCLS 1,                   $\delta$ GENCLS 1
     2,            delta GENCLS 2,                   $\delta$ GENCLS 2
     3,            delta GENCLS 3,                   $\delta$ GENCLS 3
     4,            delta GENCLS 4,                   $\delta$ GENCLS 4
     5,            delta GENCLS 5,                   $\delta$ GENCLS 5
     6,            omega GENCLS 1,                   $\omega$ GENCLS 1
     7,            omega GENCLS 2,                   $\omega$ GENCLS 2
     8,            omega GENCLS 3,                   $\omega$ GENCLS 3
     9,            omega GENCLS 4,                   $\omega$ GENCLS 4
    10,            omega GENCLS 5,                   $\omega$ GENCLS 5
    11,                   a Bus 1,                      $\theta$ Bus 1
    12,                   a Bus 2,                      $\theta$ Bus 2
    13,                   a Bus 3,                      $\theta$ Bus 3
    14,                   a Bus 4,                      $\theta$ Bus 4
    15,                   a Bus 5,                      $\theta$ Bus 5
    16,                   a Bus 6,                      $\theta$ Bus 6
    17,                   a Bus 7,                      $\theta$ Bus 7
    18,                   a Bus 8,                      $\theta$ Bus 8
    19,                   a Bus 9,                      $\theta$ Bus 9
    20,                  a Bus 10,                     $\theta$ Bus 10
    21,                  a Bus 11,                     $\theta$ Bus 11
    22,                  a Bus 12,                     $\theta$ Bus 12
    23,                  a Bus 13,                     $\theta$ Bus 13
    24,                  a Bus 14,                     $\theta$ Bus 14
    25,                   v Bus 1,                           $V$ Bus 1
    26,                   v Bus 2,                           $V$ Bus 2
    27,                   v Bus 3,                           $V$ Bus 3
    28,                   v Bus 4,                           $V$ Bus 4
    29,                   v Bus 5,                           $V$ Bus 5
    30,                   v Bus 6,                           $V$ Bus 6
    31,                   v Bus 7,                           $V$ Bus 7
    32,                   v Bus 8,                           $V$ Bus 8
    33,                   v Bus 9,                           $V$ Bus 9
    34,                  v Bus 10,                          $V$ Bus 10
    35,                  v Bus 11,                          $V$ Bus 11
    36,                  v Bus 12,                          $V$ Bus 12
    37,                  v Bus 13,                          $V$ Bus 13
    38,                  v Bus 14,                          $V$ Bus 14
    39,                    q PV 2,                            $q$ PV 2
    40,                    q PV 3,                            $q$ PV 3
    41,                    q PV 4,                            $q$ PV 4
    42,                    q PV 5,                            $q$ PV 5
    43,                 q Slack 1,                         $q$ Slack 1
    44,                 p Slack 1,                         $p$ Slack 1
    45,               Id GENCLS 1,                      $I_d$ GENCLS 1
    46,               Id GENCLS 2,                      $I_d$ GENCLS 2
    47,               Id GENCLS 3,                      $I_d$ GENCLS 3
    48,               Id GENCLS 4,                      $I_d$ GENCLS 4
    49,               Id GENCLS 5,                      $I_d$ GENCLS 5
    50,               Iq GENCLS 1,                      $I_q$ GENCLS 1
    51,               Iq GENCLS 2,                      $I_q$ GENCLS 2
    52,               Iq GENCLS 3,                      $I_q$ GENCLS 3
    53,               Iq GENCLS 4,                      $I_q$ GENCLS 4
    54,               Iq GENCLS 5,                      $I_q$ GENCLS 5
    55,               vd GENCLS 1,                      $V_d$ GENCLS 1
    56,               vd GENCLS 2,                      $V_d$ GENCLS 2
    57,               vd GENCLS 3,                      $V_d$ GENCLS 3
    58,               vd GENCLS 4,                      $V_d$ GENCLS 4
    59,               vd GENCLS 5,                      $V_d$ GENCLS 5
    60,               vq GENCLS 1,                      $V_q$ GENCLS 1
    61,               vq GENCLS 2,                      $V_q$ GENCLS 2
    62,               vq GENCLS 3,                      $V_q$ GENCLS 3
    63,               vq GENCLS 4,                      $V_q$ GENCLS 4
    64,               vq GENCLS 5,                      $V_q$ GENCLS 5
    65,               tm GENCLS 1,                   $\tau_m$ GENCLS 1
    66,               tm GENCLS 2,                   $\tau_m$ GENCLS 2
    67,               tm GENCLS 3,                   $\tau_m$ GENCLS 3
    68,               tm GENCLS 4,                   $\tau_m$ GENCLS 4
    69,               tm GENCLS 5,                   $\tau_m$ GENCLS 5
    70,               te GENCLS 1,                   $\tau_e$ GENCLS 1
    71,               te GENCLS 2,                   $\tau_e$ GENCLS 2
    72,               te GENCLS 3,                   $\tau_e$ GENCLS 3
    73,               te GENCLS 4,                   $\tau_e$ GENCLS 4
    74,               te GENCLS 5,                   $\tau_e$ GENCLS 5
    75,               vf GENCLS 1,                      $v_f$ GENCLS 1
    76,               vf GENCLS 2,                      $v_f$ GENCLS 2
    77,               vf GENCLS 3,                      $v_f$ GENCLS 3
    78,               vf GENCLS 4,                      $v_f$ GENCLS 4
    79,               vf GENCLS 5,                      $v_f$ GENCLS 5
    80,           XadIfd GENCLS 1,             $X_{ad}I_{fd}$ GENCLS 1
    81,           XadIfd GENCLS 2,             $X_{ad}I_{fd}$ GENCLS 2
    82,           XadIfd GENCLS 3,             $X_{ad}I_{fd}$ GENCLS 3
    83,           XadIfd GENCLS 4,             $X_{ad}I_{fd}$ GENCLS 4
    84,           XadIfd GENCLS 5,             $X_{ad}I_{fd}$ GENCLS 5
    85,               Pe GENCLS 1,                      $P_e$ GENCLS 1
    86,               Pe GENCLS 2,                      $P_e$ GENCLS 2
    87,               Pe GENCLS 3,                      $P_e$ GENCLS 3
    88,               Pe GENCLS 4,                      $P_e$ GENCLS 4
    89,               Pe GENCLS 5,                      $P_e$ GENCLS 5
    90,               Qe GENCLS 1,                      $Q_e$ GENCLS 1
    91,               Qe GENCLS 2,                      $Q_e$ GENCLS 2
    92,               Qe GENCLS 3,                      $Q_e$ GENCLS 3
    93,               Qe GENCLS 4,                      $Q_e$ GENCLS 4
    94,               Qe GENCLS 5,                      $Q_e$ GENCLS 5
    95,             psid GENCLS 1,                   $\psi_d$ GENCLS 1
    96,             psid GENCLS 2,                   $\psi_d$ GENCLS 2
    97,             psid GENCLS 3,                   $\psi_d$ GENCLS 3
    98,             psid GENCLS 4,                   $\psi_d$ GENCLS 4
    99,             psid GENCLS 5,                   $\psi_d$ GENCLS 5
   100,             psiq GENCLS 1,                   $\psi_q$ GENCLS 1
   101,             psiq GENCLS 2,                   $\psi_q$ GENCLS 2
   102,             psiq GENCLS 3,                   $\psi_q$ GENCLS 3
   103,             psiq GENCLS 4,                   $\psi_q$ GENCLS 4
   104,             psiq GENCLS 5,                   $\psi_q$ GENCLS 5
